2025-10-31 21:50:48,546 - main - INFO - Starting Trading Analytics API...
2025-10-31 21:50:48,547 - main - INFO - Trading Analytics API is ready
2025-10-31 21:51:33,757 - main - INFO - Shutting down Trading Analytics API...
2025-10-31 21:52:03,781 - main - INFO - Starting Trading Analytics API...
2025-10-31 21:52:03,785 - main - INFO - Trading Analytics API is ready
2025-10-31 21:55:11,071 - main - INFO - Shutting down Trading Analytics API...
2025-10-31 21:55:14,446 - main - INFO - Starting Trading Analytics API...
2025-10-31 21:55:14,446 - main - INFO - Trading Analytics API is ready
2025-10-31 22:03:43,753 - main - INFO - Shutting down Trading Analytics API...
2025-10-31 22:03:46,766 - main - INFO - Starting Trading Analytics API...
2025-10-31 22:03:46,768 - main - INFO - Trading Analytics API is ready
2025-10-31 22:03:52,252 - __main__ - INFO - Starting WebSocket client...
2025-10-31 22:03:52,253 - __main__ - ERROR - Error in WebSocket client: 'BinanceWebSocketClient' object has no attribute 'connect'
2025-10-31 22:04:44,789 - __main__ - INFO - Starting WebSocket client...
2025-10-31 22:04:44,793 - backend.data_ingestion.websocket_client - ERROR - Failed to connect to Binance WebSocket
2025-10-31 22:14:23,703 - main - INFO - Shutting down Trading Analytics API...
2025-10-31 22:14:52,595 - __main__ - INFO - Starting WebSocket client...
2025-10-31 22:14:52,598 - backend.data_ingestion.websocket_client - ERROR - Failed to connect to Binance WebSocket
2025-10-31 22:15:37,955 - __main__ - INFO - Starting WebSocket client...
2025-10-31 22:15:37,956 - backend.data_ingestion.websocket_client - ERROR - Failed to connect to Binance WebSocket after maximum retries
2025-10-31 22:15:37,956 - backend.data_ingestion.websocket_client - ERROR - Failed to connect to Binance WebSocket
2025-10-31 22:19:11,489 - __main__ - INFO - Starting WebSocket client...
2025-10-31 22:19:11,489 - backend.data_ingestion.websocket_client - ERROR - Failed to connect to Binance WebSocket after maximum retries
2025-10-31 22:19:11,489 - backend.data_ingestion.websocket_client - ERROR - Failed to connect to Binance WebSocket
2025-10-31 22:25:44,258 - main - INFO - Starting Trading Analytics API...
2025-10-31 22:25:44,262 - main - INFO - Trading Analytics API is ready
